
> personal-website@0.1.0 test
> react-scripts test --coverage

  console.error
    Warning: `ReactDOMTestUtils.act` is deprecated in favor of `React.act`. Import `act` from `react` instead of `react-dom/test-utils`. See https://react.dev/warnings/react-dom-test-utils for more info.

    [0m [90m 4 |[39m
     [90m 5 |[39m test([32m'renders learn react link'[39m[33m,[39m () [33m=>[39m {
    [31m[1m>[22m[39m[90m 6 |[39m   render([33m<[39m[33mApp[39m [33m/[39m[33m>[39m)[33m;[39m
     [90m   |[39m         [31m[1m^[22m[39m
     [90m 7 |[39m   [36mconst[39m linkElement [33m=[39m screen[33m.[39mgetByText([35m/learn react/i[39m)[33m;[39m
     [90m 8 |[39m   expect(linkElement)[33m.[39mtoBeInTheDocument()[33m;[39m
     [90m 9 |[39m })[33m;[39m[0m

      at printWarning (node_modules/react-dom/cjs/react-dom-test-utils.development.js:71:30)
      at error (node_modules/react-dom/cjs/react-dom-test-utils.development.js:45:7)
      at actWithWarning (node_modules/react-dom/cjs/react-dom-test-utils.development.js:1736:7)
      at node_modules/@testing-library/react/dist/act-compat.js:63:25
      at renderRoot (node_modules/@testing-library/react/dist/pure.js:159:26)
      at render (node_modules/@testing-library/react/dist/pure.js:246:10)
      at Object.<anonymous> (src/App.test.tsx:6:9)
      at TestScheduler.scheduleTests (node_modules/@jest/core/build/TestScheduler.js:333:13)
      at runJest (node_modules/@jest/core/build/runJest.js:404:19)
      at _run10000 (node_modules/@jest/core/build/cli/index.js:320:7)
      at runCLI (node_modules/@jest/core/build/cli/index.js:173:3)

FAIL src/App.test.tsx
  ✕ renders learn react link (56 ms)

  ● renders learn react link

    TestingLibraryElementError: Unable to find an element with the text: /learn react/i. This could be because the text is broken up by multiple elements. In this case, you can provide a function for your text matcher to make your matcher more flexible.

    Ignored nodes: comments, script, style
    [36m<body>[39m
      [36m<div>[39m
        [36m<div>[39m
          [36m<span>[39m
            [0mHomepage hello!![0m
          [36m</span>[39m
          [36m<div>[39m
            [36m<button[39m
              [33mclass[39m=[32m"BasicButton btn btn-primary"[39m
              [33mtype[39m=[32m"button"[39m
            [36m>[39m
              [0m Home [0m
            [36m</button>[39m
            [36m<button[39m
              [33mclass[39m=[32m"BasicButton btn btn-primary"[39m
              [33mtype[39m=[32m"button"[39m
            [36m>[39m
              [0m About [0m
            [36m</button>[39m
            [36m<button[39m
              [33mclass[39m=[32m"BasicButton btn btn-primary"[39m
              [33mtype[39m=[32m"button"[39m
            [36m>[39m
              [0m Projects [0m
            [36m</button>[39m
          [36m</div>[39m
        [36m</div>[39m
      [36m</div>[39m
    [36m</body>[39m

    [0m [90m  5 |[39m test([32m'renders learn react link'[39m[33m,[39m () [33m=>[39m {
     [90m  6 |[39m   render([33m<[39m[33mApp[39m [33m/[39m[33m>[39m)[33m;[39m
    [31m[1m>[22m[39m[90m  7 |[39m   [36mconst[39m linkElement [33m=[39m screen[33m.[39mgetByText([35m/learn react/i[39m)[33m;[39m
     [90m    |[39m                              [31m[1m^[22m[39m
     [90m  8 |[39m   expect(linkElement)[33m.[39mtoBeInTheDocument()[33m;[39m
     [90m  9 |[39m })[33m;[39m
     [90m 10 |[39m[0m

      at Object.getElementError (node_modules/@testing-library/react/node_modules/@testing-library/dom/dist/config.js:37:19)
      at node_modules/@testing-library/react/node_modules/@testing-library/dom/dist/query-helpers.js:76:38
      at node_modules/@testing-library/react/node_modules/@testing-library/dom/dist/query-helpers.js:52:17
      at getByText (node_modules/@testing-library/react/node_modules/@testing-library/dom/dist/query-helpers.js:95:19)
      at Object.<anonymous> (src/App.test.tsx:7:30)
      at TestScheduler.scheduleTests (node_modules/@jest/core/build/TestScheduler.js:333:13)
      at runJest (node_modules/@jest/core/build/runJest.js:404:19)
      at _run10000 (node_modules/@jest/core/build/cli/index.js:320:7)
      at runCLI (node_modules/@jest/core/build/cli/index.js:173:3)

---------------------|---------|----------|---------|---------|-------------------
File                 | % Stmts | % Branch | % Funcs | % Lines | Uncovered Line #s 
---------------------|---------|----------|---------|---------|-------------------
All files            |   27.27 |        0 |   22.22 |   27.27 |                   
 src                 |    8.33 |        0 |   33.33 |    8.33 |                   
  App.tsx            |     100 |      100 |     100 |     100 |                   
  index.tsx          |       0 |      100 |     100 |       0 | 7-19              
  reportWebVitals.ts |       0 |        0 |       0 |       0 | 3-10              
 src/Components      |      50 |      100 |   16.66 |      50 |                   
  About.tsx          |       0 |      100 |       0 |       0 | 7                 
  Homepage.tsx       |    62.5 |      100 |      25 |    62.5 | 13,18,26          
  Projects.tsx       |       0 |      100 |       0 |       0 | 9                 
---------------------|---------|----------|---------|---------|-------------------
Test Suites: 1 failed, 1 total
Tests:       1 failed, 1 total
Snapshots:   0 total
Time:        2.781 s
Ran all test suites.
[0;33mOne of your dependencies, babel-preset-react-app, is importing the
"@babel/plugin-proposal-private-property-in-object" package without
declaring it in its dependencies. This is currently working because
"@babel/plugin-proposal-private-property-in-object" is already in your
node_modules folder for unrelated reasons, but it [1mmay break at any time[0;33m.

babel-preset-react-app is part of the create-react-app project, [1mwhich
is not maintianed anymore[0;33m. It is thus unlikely that this bug will
ever be fixed. Add "@babel/plugin-proposal-private-property-in-object" to
your devDependencies to work around this error. This will make this message
go away.[0m
  
